Release 10.1.03 - xst K.39 (lin64)
Copyright (c) 1995-2008 Xilinx, Inc.  All rights reserved.
--> 
Parameter TMPDIR set to /afs/athena.mit.edu/user/l/o/loganw/Documents/6.111/augmented-reality-on-fpga/src/augreal/xst/projnav.tmp


Total REAL time to Xst completion: 0.00 secs
Total CPU time to Xst completion: 0.06 secs
 
--> 
Parameter xsthdpdir set to /afs/athena.mit.edu/user/l/o/loganw/Documents/6.111/augmented-reality-on-fpga/src/augreal/xst


Total REAL time to Xst completion: 0.00 secs
Total CPU time to Xst completion: 0.06 secs
 
--> 
Reading design: labkit.prj

TABLE OF CONTENTS
  1) Synthesis Options Summary
  2) HDL Compilation
  3) Design Hierarchy Analysis
  4) HDL Analysis
  5) HDL Synthesis
     5.1) HDL Synthesis Report
  6) Advanced HDL Synthesis
     6.1) Advanced HDL Synthesis Report
  7) Low Level Synthesis
  8) Partition Report
  9) Final Report
     9.1) Device utilization summary
     9.2) Partition Resource Summary
     9.3) TIMING REPORT


=========================================================================
*                      Synthesis Options Summary                        *
=========================================================================
---- Source Parameters
Input File Name                    : "labkit.prj"
Input Format                       : mixed
Ignore Synthesis Constraint File   : NO

---- Target Parameters
Output File Name                   : "labkit"
Output Format                      : NGC
Target Device                      : xc2v6000-4-bf957

---- Source Options
Top Module Name                    : labkit
Automatic FSM Extraction           : YES
FSM Encoding Algorithm             : Auto
Safe Implementation                : No
FSM Style                          : lut
RAM Extraction                     : Yes
RAM Style                          : Auto
ROM Extraction                     : Yes
Mux Style                          : Auto
Decoder Extraction                 : YES
Priority Encoder Extraction        : YES
Shift Register Extraction          : YES
Logical Shifter Extraction         : YES
XOR Collapsing                     : YES
ROM Style                          : Auto
Mux Extraction                     : YES
Resource Sharing                   : YES
Asynchronous To Synchronous        : NO
Multiplier Style                   : auto
Automatic Register Balancing       : No

---- Target Options
Add IO Buffers                     : YES
Global Maximum Fanout              : 500
Add Generic Clock Buffer(BUFG)     : 16
Register Duplication               : YES
Slice Packing                      : YES
Optimize Instantiated Primitives   : NO
Convert Tristates To Logic         : Yes
Use Clock Enable                   : Yes
Use Synchronous Set                : Yes
Use Synchronous Reset              : Yes
Pack IO Registers into IOBs        : auto
Equivalent register Removal        : YES

---- General Options
Optimization Goal                  : Speed
Optimization Effort                : 1
Library Search Order               : labkit.lso
Keep Hierarchy                     : NO
Netlist Hierarchy                  : as_optimized
RTL Output                         : Yes
Global Optimization                : AllClockNets
Read Cores                         : YES
Write Timing Constraints           : NO
Cross Clock Analysis               : NO
Hierarchy Separator                : /
Bus Delimiter                      : <>
Case Specifier                     : maintain
Slice Utilization Ratio            : 100
BRAM Utilization Ratio             : 100
Verilog 2001                       : YES
Auto BRAM Packing                  : NO
Slice Utilization Ratio Delta      : 5

=========================================================================


=========================================================================
*                          HDL Compilation                              *
=========================================================================
Compiling verilog file "ycbcr2rgb.v" in library work
Compiling verilog file "vga_write.v" in library work
Compiling verilog include file "params.v"
Module <ycbcr2rgb> compiled
Module <vga_write> compiled
Compiling verilog file "test_ntsc_clean.v" in library work
Compiling verilog include file "ntsc_clean.v"
Module <xvga> compiled
Module <ntsc_clean> compiled
Compiling verilog file "ntsc_capture.v" in library work
Module <test_ntsc_clean> compiled
Module <synchronize> compiled
Module <ntsc_capture> compiled
Module <ntsc_decode> compiled
Module <adv7185init> compiled
Compiling verilog file "memory_interface.v" in library work
Compiling verilog include file "params.v"
Module <i2c> compiled
WARNING:HDLCompilers:298 - "memory_interface.v" line 61 Too many digits specified in decimal constant
WARNING:HDLCompilers:298 - "memory_interface.v" line 62 Too many digits specified in decimal constant
Compiling verilog file "labkit.v" in library work
Compiling verilog include file "params.v"
Module <memory_interface> compiled
Module <labkit> compiled
Module <ramclock> compiled
No errors in compilation
Analysis of file <"labkit.prj"> succeeded.
 

=========================================================================
*                     Design Hierarchy Analysis                         *
=========================================================================
Analyzing hierarchy for module <labkit> in library <work>.

Analyzing hierarchy for module <ramclock> in library <work>.

Analyzing hierarchy for module <ntsc_capture> in library <work>.

Analyzing hierarchy for module <ntsc_clean> in library <work>.

Analyzing hierarchy for module <memory_interface> in library <work> with parameters.
	LOG_ORD = "00000000000000000000000000000100"
	LPF = "0010"
	NONE = "0000"
	NTSC = "1000"
	PTF = "0001"
	QUEUE_LENGTH = "00000000000000000000000000000010"
	VGA = "0100"

Analyzing hierarchy for module <vga_write> in library <work> with parameters.
	OUT_OF_BOUNDS = "11"
	READING = "10"
	REQUESTING = "00"
	STANDING_BY = "01"
	STARTING_UP = "0"
	STEADY_STATE = "1"

Analyzing hierarchy for module <adv7185init> in library <work>.

Analyzing hierarchy for module <ntsc_decode> in library <work> with parameters.
	EAV_VBI_f1 = "00000000000000000000000000001001"
	EAV_VBI_f2 = "00000000000000000000000000010000"
	EAV_f1 = "00000000000000000000000000000111"
	EAV_f2 = "00000000000000000000000000001110"
	SAV_VBI_f1 = "00000000000000000000000000001000"
	SAV_VBI_f2 = "00000000000000000000000000001111"
	SAV_f1_cb0 = "00000000000000000000000000000011"
	SAV_f1_cr1 = "00000000000000000000000000000101"
	SAV_f1_y0 = "00000000000000000000000000000100"
	SAV_f1_y1 = "00000000000000000000000000000110"
	SAV_f2_cb0 = "00000000000000000000000000001010"
	SAV_f2_cr1 = "00000000000000000000000000001100"
	SAV_f2_y0 = "00000000000000000000000000001011"
	SAV_f2_y1 = "00000000000000000000000000001101"
	SYNC_1 = "00000000000000000000000000000000"
	SYNC_2 = "00000000000000000000000000000001"
	SYNC_3 = "00000000000000000000000000000010"

Analyzing hierarchy for module <synchronize> in library <work>.

Analyzing hierarchy for module <xvga> in library <work>.

Analyzing hierarchy for module <ycbcr2rgb> in library <work> with parameters.
	B_cb = "01000000100011"
	G_cb = "00001100100011"
	G_cr = "00011010000001"
	RGB_y = "00100101010000"
	R_cr = "00110011000101"
	SCALE = "00000000000000000000000000001011"

Analyzing hierarchy for module <i2c> in library <work>.

WARNING:Xst:2591 - "labkit.v" line 197: attribute on instance <CLKFX_DIVIDE> overrides generic/parameter on entity. It is possible that simulator will not take this attribute into account.
WARNING:Xst:2591 - "labkit.v" line 197: attribute on instance <CLKFX_MULTIPLY> overrides generic/parameter on entity. It is possible that simulator will not take this attribute into account.
WARNING:Xst:2591 - "labkit.v" line 197: attribute on instance <CLKIN_PERIOD> overrides generic/parameter on entity. It is possible that simulator will not take this attribute into account.
WARNING:Xst:2591 - "labkit.v" line 197: attribute on instance <CLK_FEEDBACK> overrides generic/parameter on entity. It is possible that simulator will not take this attribute into account.
WARNING:Xst:2591 - "labkit.v" line 206: attribute on instance <CLKFX_DIVIDE> overrides generic/parameter on entity. It is possible that simulator will not take this attribute into account.
WARNING:Xst:2591 - "labkit.v" line 206: attribute on instance <CLKFX_MULTIPLY> overrides generic/parameter on entity. It is possible that simulator will not take this attribute into account.
WARNING:Xst:2591 - "labkit.v" line 206: attribute on instance <CLKIN_PERIOD> overrides generic/parameter on entity. It is possible that simulator will not take this attribute into account.
WARNING:Xst:2591 - "labkit.v" line 206: attribute on instance <CLK_FEEDBACK> overrides generic/parameter on entity. It is possible that simulator will not take this attribute into account.
WARNING:Xst:2591 - "labkit.v" line 506: attribute on instance <CLKOUT_PHASE_SHIFT> overrides generic/parameter on entity. It is possible that simulator will not take this attribute into account.
WARNING:Xst:2591 - "labkit.v" line 506: attribute on instance <CLK_FEEDBACK> overrides generic/parameter on entity. It is possible that simulator will not take this attribute into account.
WARNING:Xst:2591 - "labkit.v" line 506: attribute on instance <DFS_FREQUENCY_MODE> overrides generic/parameter on entity. It is possible that simulator will not take this attribute into account.
WARNING:Xst:2591 - "labkit.v" line 506: attribute on instance <DLL_FREQUENCY_MODE> overrides generic/parameter on entity. It is possible that simulator will not take this attribute into account.
WARNING:Xst:2591 - "labkit.v" line 506: attribute on instance <DUTY_CYCLE_CORRECTION> overrides generic/parameter on entity. It is possible that simulator will not take this attribute into account.
WARNING:Xst:2591 - "labkit.v" line 506: attribute on instance <PHASE_SHIFT> overrides generic/parameter on entity. It is possible that simulator will not take this attribute into account.
WARNING:Xst:2591 - "labkit.v" line 506: attribute on instance <STARTUP_WAIT> overrides generic/parameter on entity. It is possible that simulator will not take this attribute into account.
WARNING:Xst:2591 - "labkit.v" line 523: attribute on instance <CLKOUT_PHASE_SHIFT> overrides generic/parameter on entity. It is possible that simulator will not take this attribute into account.
WARNING:Xst:2591 - "labkit.v" line 523: attribute on instance <CLK_FEEDBACK> overrides generic/parameter on entity. It is possible that simulator will not take this attribute into account.
WARNING:Xst:2591 - "labkit.v" line 523: attribute on instance <DFS_FREQUENCY_MODE> overrides generic/parameter on entity. It is possible that simulator will not take this attribute into account.
WARNING:Xst:2591 - "labkit.v" line 523: attribute on instance <DLL_FREQUENCY_MODE> overrides generic/parameter on entity. It is possible that simulator will not take this attribute into account.
WARNING:Xst:2591 - "labkit.v" line 523: attribute on instance <DUTY_CYCLE_CORRECTION> overrides generic/parameter on entity. It is possible that simulator will not take this attribute into account.
WARNING:Xst:2591 - "labkit.v" line 523: attribute on instance <PHASE_SHIFT> overrides generic/parameter on entity. It is possible that simulator will not take this attribute into account.
WARNING:Xst:2591 - "labkit.v" line 523: attribute on instance <STARTUP_WAIT> overrides generic/parameter on entity. It is possible that simulator will not take this attribute into account.
WARNING:Xst:2591 - "labkit.v" line 536: attribute on instance <INIT> overrides generic/parameter on entity. It is possible that simulator will not take this attribute into account.

=========================================================================
*                            HDL Analysis                               *
=========================================================================
Analyzing top module <labkit>.
WARNING:Xst:852 - "labkit.v" line 424: Unconnected input port 'lpf_flag' of instance 'mi' is tied to GND.
WARNING:Xst:852 - "labkit.v" line 424: Unconnected input port 'lpf_wr' of instance 'mi' is tied to GND.
WARNING:Xst:852 - "labkit.v" line 424: Unconnected input port 'lpf_x' of instance 'mi' is tied to GND.
WARNING:Xst:852 - "labkit.v" line 424: Unconnected input port 'lpf_y' of instance 'mi' is tied to GND.
WARNING:Xst:852 - "labkit.v" line 424: Unconnected input port 'lpf_pixel_write' of instance 'mi' is tied to GND.
WARNING:Xst:852 - "labkit.v" line 424: Unconnected input port 'pt_flag' of instance 'mi' is tied to GND.
WARNING:Xst:852 - "labkit.v" line 424: Unconnected input port 'pt_x' of instance 'mi' is tied to GND.
WARNING:Xst:852 - "labkit.v" line 424: Unconnected input port 'pt_y' of instance 'mi' is tied to GND.
WARNING:Xst:852 - "labkit.v" line 424: Unconnected input port 'pt_pixel' of instance 'mi' is tied to GND.
Module <labkit> is correct for synthesis.
 
    Set user-defined property "CLKDV_DIVIDE =  2.0000000000000000" for instance <vclk1> in unit <labkit>.
    Set user-defined property "CLKFX_DIVIDE =  10" for instance <vclk1> in unit <labkit>.
    Set user-defined property "CLKFX_MULTIPLY =  24" for instance <vclk1> in unit <labkit>.
    Set user-defined property "CLKIN_DIVIDE_BY_2 =  FALSE" for instance <vclk1> in unit <labkit>.
    Set user-defined property "CLKIN_PERIOD =  37.0000000000000000" for instance <vclk1> in unit <labkit>.
    Set user-defined property "CLKOUT_PHASE_SHIFT =  NONE" for instance <vclk1> in unit <labkit>.
    Set user-defined property "CLK_FEEDBACK =  NONE" for instance <vclk1> in unit <labkit>.
    Set user-defined property "DESKEW_ADJUST =  SYSTEM_SYNCHRONOUS" for instance <vclk1> in unit <labkit>.
    Set user-defined property "DFS_FREQUENCY_MODE =  LOW" for instance <vclk1> in unit <labkit>.
    Set user-defined property "DLL_FREQUENCY_MODE =  LOW" for instance <vclk1> in unit <labkit>.
    Set user-defined property "DSS_MODE =  NONE" for instance <vclk1> in unit <labkit>.
    Set user-defined property "DUTY_CYCLE_CORRECTION =  TRUE" for instance <vclk1> in unit <labkit>.
    Set user-defined property "FACTORY_JF =  C080" for instance <vclk1> in unit <labkit>.
    Set user-defined property "PHASE_SHIFT =  0" for instance <vclk1> in unit <labkit>.
    Set user-defined property "SIM_MODE =  SAFE" for instance <vclk1> in unit <labkit>.
    Set user-defined property "STARTUP_WAIT =  FALSE" for instance <vclk1> in unit <labkit>.
    Set user-defined property "CLKDV_DIVIDE =  2.0000000000000000" for instance <vclk3> in unit <labkit>.
    Set user-defined property "CLKFX_DIVIDE =  15" for instance <vclk3> in unit <labkit>.
    Set user-defined property "CLKFX_MULTIPLY =  14" for instance <vclk3> in unit <labkit>.
    Set user-defined property "CLKIN_DIVIDE_BY_2 =  FALSE" for instance <vclk3> in unit <labkit>.
    Set user-defined property "CLKIN_PERIOD =  37.0000000000000000" for instance <vclk3> in unit <labkit>.
    Set user-defined property "CLKOUT_PHASE_SHIFT =  NONE" for instance <vclk3> in unit <labkit>.
    Set user-defined property "CLK_FEEDBACK =  NONE" for instance <vclk3> in unit <labkit>.
    Set user-defined property "DESKEW_ADJUST =  SYSTEM_SYNCHRONOUS" for instance <vclk3> in unit <labkit>.
    Set user-defined property "DFS_FREQUENCY_MODE =  LOW" for instance <vclk3> in unit <labkit>.
    Set user-defined property "DLL_FREQUENCY_MODE =  LOW" for instance <vclk3> in unit <labkit>.
    Set user-defined property "DSS_MODE =  NONE" for instance <vclk3> in unit <labkit>.
    Set user-defined property "DUTY_CYCLE_CORRECTION =  TRUE" for instance <vclk3> in unit <labkit>.
    Set user-defined property "FACTORY_JF =  C080" for instance <vclk3> in unit <labkit>.
    Set user-defined property "PHASE_SHIFT =  0" for instance <vclk3> in unit <labkit>.
    Set user-defined property "SIM_MODE =  SAFE" for instance <vclk3> in unit <labkit>.
    Set user-defined property "STARTUP_WAIT =  FALSE" for instance <vclk3> in unit <labkit>.
    Set user-defined property "INIT =  FFFF" for instance <reset_sr> in unit <labkit>.
Analyzing module <ramclock> in library <work>.
Module <ramclock> is correct for synthesis.
 
    Set user-defined property "CLKDV_DIVIDE =  2.0000000000000000" for instance <int_dcm> in unit <ramclock>.
    Set user-defined property "CLKFX_DIVIDE =  1" for instance <int_dcm> in unit <ramclock>.
    Set user-defined property "CLKFX_MULTIPLY =  4" for instance <int_dcm> in unit <ramclock>.
    Set user-defined property "CLKIN_DIVIDE_BY_2 =  FALSE" for instance <int_dcm> in unit <ramclock>.
    Set user-defined property "CLKIN_PERIOD =  10.0000000000000000" for instance <int_dcm> in unit <ramclock>.
    Set user-defined property "CLKOUT_PHASE_SHIFT =  NONE" for instance <int_dcm> in unit <ramclock>.
    Set user-defined property "CLK_FEEDBACK =  1X" for instance <int_dcm> in unit <ramclock>.
    Set user-defined property "DESKEW_ADJUST =  SYSTEM_SYNCHRONOUS" for instance <int_dcm> in unit <ramclock>.
    Set user-defined property "DFS_FREQUENCY_MODE =  LOW" for instance <int_dcm> in unit <ramclock>.
    Set user-defined property "DLL_FREQUENCY_MODE =  LOW" for instance <int_dcm> in unit <ramclock>.
    Set user-defined property "DSS_MODE =  NONE" for instance <int_dcm> in unit <ramclock>.
    Set user-defined property "DUTY_CYCLE_CORRECTION =  TRUE" for instance <int_dcm> in unit <ramclock>.
    Set user-defined property "FACTORY_JF =  C080" for instance <int_dcm> in unit <ramclock>.
    Set user-defined property "PHASE_SHIFT =  0" for instance <int_dcm> in unit <ramclock>.
    Set user-defined property "SIM_MODE =  SAFE" for instance <int_dcm> in unit <ramclock>.
    Set user-defined property "STARTUP_WAIT =  FALSE" for instance <int_dcm> in unit <ramclock>.
    Set user-defined property "CAPACITANCE =  DONT_CARE" for instance <fb_buf> in unit <ramclock>.
    Set user-defined property "IBUF_DELAY_VALUE =  0" for instance <fb_buf> in unit <ramclock>.
    Set user-defined property "IOSTANDARD =  DEFAULT" for instance <fb_buf> in unit <ramclock>.
    Set user-defined property "CLKDV_DIVIDE =  2.0000000000000000" for instance <ext_dcm> in unit <ramclock>.
    Set user-defined property "CLKFX_DIVIDE =  1" for instance <ext_dcm> in unit <ramclock>.
    Set user-defined property "CLKFX_MULTIPLY =  4" for instance <ext_dcm> in unit <ramclock>.
    Set user-defined property "CLKIN_DIVIDE_BY_2 =  FALSE" for instance <ext_dcm> in unit <ramclock>.
    Set user-defined property "CLKIN_PERIOD =  10.0000000000000000" for instance <ext_dcm> in unit <ramclock>.
    Set user-defined property "CLKOUT_PHASE_SHIFT =  NONE" for instance <ext_dcm> in unit <ramclock>.
    Set user-defined property "CLK_FEEDBACK =  1X" for instance <ext_dcm> in unit <ramclock>.
    Set user-defined property "DESKEW_ADJUST =  SYSTEM_SYNCHRONOUS" for instance <ext_dcm> in unit <ramclock>.
    Set user-defined property "DFS_FREQUENCY_MODE =  LOW" for instance <ext_dcm> in unit <ramclock>.
    Set user-defined property "DLL_FREQUENCY_MODE =  LOW" for instance <ext_dcm> in unit <ramclock>.
    Set user-defined property "DSS_MODE =  NONE" for instance <ext_dcm> in unit <ramclock>.
    Set user-defined property "DUTY_CYCLE_CORRECTION =  TRUE" for instance <ext_dcm> in unit <ramclock>.
    Set user-defined property "FACTORY_JF =  C080" for instance <ext_dcm> in unit <ramclock>.
    Set user-defined property "PHASE_SHIFT =  0" for instance <ext_dcm> in unit <ramclock>.
    Set user-defined property "SIM_MODE =  SAFE" for instance <ext_dcm> in unit <ramclock>.
    Set user-defined property "STARTUP_WAIT =  FALSE" for instance <ext_dcm> in unit <ramclock>.
    Set user-defined property "INIT =  000F" for instance <dcm_rst_sr> in unit <ramclock>.
Analyzing module <ntsc_capture> in library <work>.
Module <ntsc_capture> is correct for synthesis.
 
Analyzing module <adv7185init> in library <work>.
"ntsc_capture.v" line 698: $display : ADV7185 Initialization values:
WARNING:Xst:2326 - "ntsc_capture.v" line 699: Invalid escape sequence : %X.
"ntsc_capture.v" line 699: $display :   Register 0:  0x%X 0
WARNING:Xst:2326 - "ntsc_capture.v" line 700: Invalid escape sequence : %X.
"ntsc_capture.v" line 700: $display :   Register 1:  0x%X128
WARNING:Xst:2326 - "ntsc_capture.v" line 701: Invalid escape sequence : %X.
"ntsc_capture.v" line 701: $display :   Register 2:  0x%X 4
WARNING:Xst:2326 - "ntsc_capture.v" line 702: Invalid escape sequence : %X.
"ntsc_capture.v" line 702: $display :   Register 3:  0x%X 0
WARNING:Xst:2326 - "ntsc_capture.v" line 703: Invalid escape sequence : %X.
"ntsc_capture.v" line 703: $display :   Register 4:  0x%X12
WARNING:Xst:2326 - "ntsc_capture.v" line 704: Invalid escape sequence : %X.
"ntsc_capture.v" line 704: $display :   Register 5:  0x%X64
WARNING:Xst:2326 - "ntsc_capture.v" line 705: Invalid escape sequence : %X.
"ntsc_capture.v" line 705: $display :   Register 7:  0x%X144
WARNING:Xst:2326 - "ntsc_capture.v" line 706: Invalid escape sequence : %X.
"ntsc_capture.v" line 706: $display :   Register 8:  0x%X128
WARNING:Xst:2326 - "ntsc_capture.v" line 707: Invalid escape sequence : %X.
"ntsc_capture.v" line 707: $display :   Register 9:  0x%X140
WARNING:Xst:2326 - "ntsc_capture.v" line 708: Invalid escape sequence : %X.
"ntsc_capture.v" line 708: $display :   Register A:  0x%X 0
WARNING:Xst:2326 - "ntsc_capture.v" line 709: Invalid escape sequence : %X.
"ntsc_capture.v" line 709: $display :   Register B:  0x%X 0
WARNING:Xst:2326 - "ntsc_capture.v" line 710: Invalid escape sequence : %X.
"ntsc_capture.v" line 710: $display :   Register C:  0x%X48
WARNING:Xst:2326 - "ntsc_capture.v" line 711: Invalid escape sequence : %X.
"ntsc_capture.v" line 711: $display :   Register D:  0x%X136
WARNING:Xst:2326 - "ntsc_capture.v" line 712: Invalid escape sequence : %X.
"ntsc_capture.v" line 712: $display :   Register E:  0x%X 0
WARNING:Xst:2326 - "ntsc_capture.v" line 713: Invalid escape sequence : %X.
"ntsc_capture.v" line 713: $display :   Register F:  0x%X 0
WARNING:Xst:2326 - "ntsc_capture.v" line 714: Invalid escape sequence : %X.
"ntsc_capture.v" line 714: $display :   Register 33: 0x%X227
Module <adv7185init> is correct for synthesis.
 
    Set user-defined property "INIT =  0" for signal <clock_slow>.
    Set user-defined property "INIT =  00" for signal <clk_div_count>.
Analyzing module <i2c> in library <work>.
Module <i2c> is correct for synthesis.
 
Analyzing module <ntsc_decode> in library <work>.
	EAV_VBI_f1 = 32'sb00000000000000000000000000001001
	EAV_VBI_f2 = 32'sb00000000000000000000000000010000
	EAV_f1 = 32'sb00000000000000000000000000000111
	EAV_f2 = 32'sb00000000000000000000000000001110
	SAV_VBI_f1 = 32'sb00000000000000000000000000001000
	SAV_VBI_f2 = 32'sb00000000000000000000000000001111
	SAV_f1_cb0 = 32'sb00000000000000000000000000000011
	SAV_f1_cr1 = 32'sb00000000000000000000000000000101
	SAV_f1_y0 = 32'sb00000000000000000000000000000100
	SAV_f1_y1 = 32'sb00000000000000000000000000000110
	SAV_f2_cb0 = 32'sb00000000000000000000000000001010
	SAV_f2_cr1 = 32'sb00000000000000000000000000001100
	SAV_f2_y0 = 32'sb00000000000000000000000000001011
	SAV_f2_y1 = 32'sb00000000000000000000000000001101
	SYNC_1 = 32'sb00000000000000000000000000000000
	SYNC_2 = 32'sb00000000000000000000000000000001
	SYNC_3 = 32'sb00000000000000000000000000000010
Module <ntsc_decode> is correct for synthesis.
 
Analyzing module <synchronize> in library <work>.
Module <synchronize> is correct for synthesis.
 
Analyzing module <ntsc_clean> in library <work>.
Module <ntsc_clean> is correct for synthesis.
 
Analyzing module <memory_interface> in library <work>.
	LOG_ORD = 32'sb00000000000000000000000000000100
	LPF = 4'b0010
	NONE = 4'b0000
	NTSC = 4'b1000
	PTF = 4'b0001
	QUEUE_LENGTH = 32'sb00000000000000000000000000000010
	VGA = 4'b0100
Module <memory_interface> is correct for synthesis.
 
Analyzing module <vga_write> in library <work>.
	OUT_OF_BOUNDS = 2'b11
	READING = 2'b10
	REQUESTING = 2'b00
	STANDING_BY = 2'b01
	STARTING_UP = 1'b0
	STEADY_STATE = 1'b1
WARNING:Xst:852 - "vga_write.v" line 30: Unconnected input port 'frame_flag' of instance 'xvga1' is tied to GND.
Module <vga_write> is correct for synthesis.
 
Analyzing module <xvga> in library <work>.
Module <xvga> is correct for synthesis.
 
Analyzing module <ycbcr2rgb> in library <work>.
WARNING:Xst:863 - "ycbcr2rgb.v" line 11: Name conflict (<B> and <b>, renaming B as b_rnm0).
WARNING:Xst:863 - "ycbcr2rgb.v" line 10: Name conflict (<G> and <g>, renaming G as g_rnm0).
WARNING:Xst:863 - "ycbcr2rgb.v" line 9: Name conflict (<R> and <r>, renaming R as r_rnm0).
	B_cb = 14'sb01000000100011
	G_cb = 14'sb00001100100011
	G_cr = 14'sb00011010000001
	RGB_y = 14'sb00100101010000
	R_cr = 14'sb00110011000101
	SCALE = 32'sb00000000000000000000000000001011
Module <ycbcr2rgb> is correct for synthesis.
 

=========================================================================
*                           HDL Synthesis                               *
=========================================================================

Performing bidirectional port resolution...
INFO:Xst:2561 - Always blocking tristate driving signal <flash_data> in unit <labkit> is removed.
INFO:Xst:2561 - Always blocking tristate driving signal <user1> in unit <labkit> is removed.
INFO:Xst:2561 - Always blocking tristate driving signal <user2> in unit <labkit> is removed.
INFO:Xst:2561 - Always blocking tristate driving signal <user3> in unit <labkit> is removed.
INFO:Xst:2561 - Always blocking tristate driving signal <user4> in unit <labkit> is removed.
INFO:Xst:2561 - Always blocking tristate driving signal <daughtercard> in unit <labkit> is removed.
INFO:Xst:2561 - Always blocking tristate driving signal <systemace_data> in unit <labkit> is removed.
INFO:Xst:2679 - Register <i> in unit <vga_write> has a constant value of 100 during circuit operation. The register is replaced by logic.

Synthesizing Unit <ntsc_clean>.
    Related source file is "ntsc_clean.v".
    Found 1-bit register for signal <clean_ntsc_flag>.
    Found 1-bit register for signal <state>.
    Summary:
	inferred   2 D-type flip-flop(s).
Unit <ntsc_clean> synthesized.


Synthesizing Unit <memory_interface>.
    Related source file is "memory_interface.v".
WARNING:Xst:647 - Input <pt_pixel> is never used. This port will be preserved and left unconnected if it belongs to a top-level block or it belongs to a sub-block and the hierarchy of this sub-block is preserved.
WARNING:Xst:1305 - Output <done_pt> is never assigned. Tied to value 0.
WARNING:Xst:647 - Input <pt_x> is never used. This port will be preserved and left unconnected if it belongs to a top-level block or it belongs to a sub-block and the hierarchy of this sub-block is preserved.
WARNING:Xst:647 - Input <pt_y> is never used. This port will be preserved and left unconnected if it belongs to a top-level block or it belongs to a sub-block and the hierarchy of this sub-block is preserved.
WARNING:Xst:647 - Input <pt_flag> is never used. This port will be preserved and left unconnected if it belongs to a top-level block or it belongs to a sub-block and the hierarchy of this sub-block is preserved.
WARNING:Xst:647 - Input <lpf_x<0>> is never used. This port will be preserved and left unconnected if it belongs to a top-level block or it belongs to a sub-block and the hierarchy of this sub-block is preserved.
WARNING:Xst:653 - Signal <ptf_y> is used but never assigned. This sourceless signal will be automatically connected to value 000000000.
WARNING:Xst:653 - Signal <ptf_x<9:1>> is used but never assigned. This sourceless signal will be automatically connected to value 000000000.
WARNING:Xst:1780 - Signal <ptf_x<0>> is never used or assigned. This unconnected signal will be trimmed during the optimization process.
WARNING:Xst:653 - Signal <ptf_wr> is used but never assigned. This sourceless signal will be automatically connected to value 0.
WARNING:Xst:653 - Signal <ptf_pixel_write> is used but never assigned. This sourceless signal will be automatically connected to value 000000000000000000000000000000000000.
WARNING:Xst:653 - Signal <ptf_flag> is used but never assigned. This sourceless signal will be automatically connected to value 0.
WARNING:Xst:646 - Signal <next_proc_mem_loc> is assigned but never used. This unconnected signal will be trimmed during the optimization process.
WARNING:Xst:646 - Signal <next_proc_mem_block> is assigned but never used. This unconnected signal will be trimmed during the optimization process.
WARNING:Xst:646 - Signal <next_nexd_mem_loc> is assigned but never used. This unconnected signal will be trimmed during the optimization process.
WARNING:Xst:646 - Signal <next_nexd_mem_block> is assigned but never used. This unconnected signal will be trimmed during the optimization process.
WARNING:Xst:646 - Signal <next_disp_mem_loc> is assigned but never used. This unconnected signal will be trimmed during the optimization process.
WARNING:Xst:646 - Signal <next_disp_mem_block> is assigned but never used. This unconnected signal will be trimmed during the optimization process.
WARNING:Xst:646 - Signal <next_capt_mem_loc> is assigned but never used. This unconnected signal will be trimmed during the optimization process.
WARNING:Xst:646 - Signal <next_capt_mem_block> is assigned but never used. This unconnected signal will be trimmed during the optimization process.
WARNING:Xst:646 - Signal <mem1_next_read> is assigned but never used. This unconnected signal will be trimmed during the optimization process.
WARNING:Xst:646 - Signal <mem1_done> is assigned but never used. This unconnected signal will be trimmed during the optimization process.
WARNING:Xst:646 - Signal <mem0_next_read> is assigned but never used. This unconnected signal will be trimmed during the optimization process.
WARNING:Xst:646 - Signal <mem0_done> is assigned but never used. This unconnected signal will be trimmed during the optimization process.
WARNING:Xst:646 - Signal <done_ptf> is assigned but never used. This unconnected signal will be trimmed during the optimization process.
WARNING:Xst:737 - Found 36-bit latch for signal <mem0_write>. Latches may be generated from incomplete case or if statements. We do not recommend the use of latches in FPGA/CPLD designs, as they may lead to timing problems.
WARNING:Xst:737 - Found 36-bit latch for signal <mem1_write>. Latches may be generated from incomplete case or if statements. We do not recommend the use of latches in FPGA/CPLD designs, as they may lead to timing problems.
WARNING:Xst:643 - "memory_interface.v" line 257: The result of a 2x18-bit multiplication is partially used. Only the 19 least significant bits are used. If you are doing this on purpose, you may safely ignore this warning. Otherwise, make sure you are not losing information, leading to unexpected circuit behavior.
WARNING:Xst:643 - "memory_interface.v" line 258: The result of a 2x18-bit multiplication is partially used. Only the 19 least significant bits are used. If you are doing this on purpose, you may safely ignore this warning. Otherwise, make sure you are not losing information, leading to unexpected circuit behavior.
WARNING:Xst:643 - "memory_interface.v" line 263: The result of a 2x18-bit multiplication is partially used. Only the 19 least significant bits are used. If you are doing this on purpose, you may safely ignore this warning. Otherwise, make sure you are not losing information, leading to unexpected circuit behavior.
WARNING:Xst:643 - "memory_interface.v" line 264: The result of a 2x18-bit multiplication is partially used. Only the 19 least significant bits are used. If you are doing this on purpose, you may safely ignore this warning. Otherwise, make sure you are not losing information, leading to unexpected circuit behavior.
    Found 36-bit 4-to-1 multiplexer for signal <vga_pixel>.
    Found 36-bit 4-to-1 multiplexer for signal <lpf_pixel_read>.
    Found 1-bit register for signal <capt_mem_block>.
    Found 2-bit register for signal <capt_mem_loc>.
    Found 1-bit register for signal <disp_mem_block>.
    Found 2-bit register for signal <disp_mem_loc>.
    Found 2x18-bit multiplier for signal <lpf_addr$mult0001> created at line 257.
    Found 8-bit register for signal <mem0_read_queue>.
    Found 8-bit register for signal <mem1_read_queue>.
    Found 1-bit register for signal <nexd_mem_block>.
    Found 2-bit register for signal <nexd_mem_loc>.
    Found 19-bit adder for signal <next_ntsc_addr$addsub0000> created at line 268.
    Found 2x18-bit multiplier for signal <next_ntsc_addr$mult0001> created at line 263.
    Found 19-bit adder for signal <next_vga_addr$addsub0000> created at line 269.
    Found 2x18-bit multiplier for signal <next_vga_addr$mult0001> created at line 264.
    Found 19-bit register for signal <ntsc_addr>.
    Found 36-bit register for signal <prev_lpf_pixel_read>.
    Found 36-bit register for signal <prev_ptf_pixel_read>.
    Found 36-bit register for signal <prev_vga_pixel>.
    Found 1-bit register for signal <proc_mem_block>.
    Found 2-bit register for signal <proc_mem_loc>.
    Found 19-bit adder for signal <ptf_addr>.
    Found 18-bit adder carry out for signal <ptf_addr$addsub0001> created at line 258.
    Found 2x18-bit multiplier for signal <ptf_addr$mult0001> created at line 258.
    Found 19-bit register for signal <vga_addr>.
    Summary:
	inferred 174 D-type flip-flop(s).
	inferred   4 Adder/Subtractor(s).
	inferred   4 Multiplier(s).
	inferred  72 Multiplexer(s).
Unit <memory_interface> synthesized.


Synthesizing Unit <ntsc_decode>.
    Related source file is "ntsc_capture.v".
    Found 1-bit register for signal <f>.
    Found 10-bit register for signal <cb>.
    Found 10-bit register for signal <cr>.
    Found 5-bit register for signal <current_state>.
    Found 10-bit register for signal <y>.
    Summary:
	inferred  36 D-type flip-flop(s).
Unit <ntsc_decode> synthesized.


Synthesizing Unit <synchronize>.
    Related source file is "ntsc_capture.v".
WARNING:Xst:737 - Found 1-bit latch for signal <syncsig>. Latches may be generated from incomplete case or if statements. We do not recommend the use of latches in FPGA/CPLD designs, as they may lead to timing problems.
Unit <synchronize> synthesized.


Synthesizing Unit <i2c>.
    Related source file is "ntsc_capture.v".
    Found finite state machine <FSM_0> for signal <state>.
    -----------------------------------------------------------------------
    | States             | 42                                             |
    | Transitions        | 44                                             |
    | Inputs             | 1                                              |
    | Outputs            | 32                                             |
    | Clock              | clock4x (rising_edge)                          |
    | Reset              | reset (positive)                               |
    | Reset type         | synchronous                                    |
    | Reset State        | 00000000                                       |
    | Encoding           | automatic                                      |
    | Implementation     | LUT                                            |
    -----------------------------------------------------------------------
    Found 1-bit register for signal <idle>.
    Found 1-bit register for signal <ack>.
    Found 1-bit tristate buffer for signal <sda>.
    Found 1-bit register for signal <scl>.
    Found 8-bit register for signal <ldata>.
    Found 1-bit register for signal <sdai>.
    Summary:
	inferred   1 Finite State Machine(s).
	inferred  12 D-type flip-flop(s).
	inferred   1 Tristate(s).
Unit <i2c> synthesized.


Synthesizing Unit <xvga>.
    Related source file is "vga_write.v".
    Found 10-bit up counter for signal <vcount>.
    Found 1-bit register for signal <vsync>.
    Found 10-bit up counter for signal <hcount>.
    Found 1-bit register for signal <blank>.
    Found 1-bit register for signal <hsync>.
    Found 1-bit register for signal <hblank>.
    Found 1-bit register for signal <vblank>.
    Summary:
	inferred   2 Counter(s).
	inferred   5 D-type flip-flop(s).
Unit <xvga> synthesized.


Synthesizing Unit <ycbcr2rgb>.
    Related source file is "ycbcr2rgb.v".
WARNING:Xst:646 - Signal <r_rnm0> is assigned but never used. This unconnected signal will be trimmed during the optimization process.
WARNING:Xst:646 - Signal <g_rnm0> is assigned but never used. This unconnected signal will be trimmed during the optimization process.
WARNING:Xst:646 - Signal <b_rnm0> is assigned but never used. This unconnected signal will be trimmed during the optimization process.
WARNING:Xst:643 - "ycbcr2rgb.v" line 36: The result of a 9x14-bit multiplication is partially used. Only the 22 least significant bits are used. If you are doing this on purpose, you may safely ignore this warning. Otherwise, make sure you are not losing information, leading to unexpected circuit behavior.
WARNING:Xst:643 - "ycbcr2rgb.v" line 37: The result of a 9x14-bit multiplication is partially used. Only the 22 least significant bits are used. If you are doing this on purpose, you may safely ignore this warning. Otherwise, make sure you are not losing information, leading to unexpected circuit behavior.
WARNING:Xst:643 - "ycbcr2rgb.v" line 39: The result of a 9x15-bit multiplication is partially used. Only the 22 least significant bits are used. If you are doing this on purpose, you may safely ignore this warning. Otherwise, make sure you are not losing information, leading to unexpected circuit behavior.
    Found 9-bit comparator greater for signal <b$cmp_gt0000> created at line 61.
    Found 22-bit adder for signal <B_scaled>.
    Found 9x15-bit multiplier for signal <B_scaled$mult0001> created at line 39.
    Found 9-bit subtractor for signal <Cboff>.
    Found 9-bit subtractor for signal <Croff>.
    Found 9-bit comparator greater for signal <g$cmp_gt0000> created at line 58.
    Found 22-bit subtractor for signal <G_scaled>.
    Found 22-bit subtractor for signal <G_scaled$addsub0000> created at line 38.
    Found 9x12-bit multiplier for signal <G_scaled$mult0000> created at line 38.
    Found 9x13-bit multiplier for signal <G_scaled$mult0001> created at line 38.
    Found 23-bit comparator less for signal <old_b_rnm0_24$cmp_lt0000> created at line 52.
    Found 23-bit comparator less for signal <old_g_rnm0_23$cmp_lt0000> created at line 49.
    Found 23-bit comparator less for signal <old_r_rnm0_22$cmp_lt0000> created at line 46.
    Found 9-bit comparator greater for signal <r$cmp_gt0000> created at line 55.
    Found 22-bit adder for signal <R_scaled>.
    Found 9x14-bit multiplier for signal <R_scaled$mult0001> created at line 37.
    Found 9x14-bit multiplier for signal <RGB_y_comp$mult0001> created at line 36.
    Found 9-bit subtractor for signal <Yoff>.
    Summary:
	inferred   7 Adder/Subtractor(s).
	inferred   5 Multiplier(s).
	inferred   6 Comparator(s).
Unit <ycbcr2rgb> synthesized.


Synthesizing Unit <ramclock>.
    Related source file is "labkit.v".
Unit <ramclock> synthesized.


Synthesizing Unit <vga_write>.
    Related source file is "vga_write.v".
WARNING:Xst:647 - Input <vga_pixel<35:1>> is never used. This port will be preserved and left unconnected if it belongs to a top-level block or it belongs to a sub-block and the hierarchy of this sub-block is preserved.
WARNING:Xst:647 - Input <done_vga> is never used. This port will be preserved and left unconnected if it belongs to a top-level block or it belongs to a sub-block and the hierarchy of this sub-block is preserved.
WARNING:Xst:1872 - Variable <j> is used but never assigned.
    Found 8x10-bit dual-port RAM <Mram_hcounts> for signal <hcounts>.
    Found 8x10-bit dual-port RAM <Mram_vcounts> for signal <vcounts>.
    Found 8x1-bit single-port RAM <Mram_hsyncs> for signal <hsyncs>.
    Found 8x1-bit single-port RAM <Mram_vsyncs> for signal <vsyncs>.
    Found 8x1-bit single-port RAM <Mram_blanks> for signal <blanks>.
INFO:Xst:2117 - HDL ADVISOR - Mux Selector <state> of Case statement line 89 was re-encoded using one-hot encoding. The case statement will be optimized (default statement optimization), but this optimization may lead to design initialization problems. To ensure the design works safely, you can:
   	- add an 'INIT' attribute on signal <state> (optimization is then done without any risk)
   	- use the attribute 'signal_encoding user' to avoid onehot optimization
   	- use the attribute 'safe_implementation yes' to force XST to perform a safe (but less efficient) optimization
    Found finite state machine <FSM_1> for signal <state>.
    -----------------------------------------------------------------------
    | States             | 4                                              |
    | Transitions        | 8                                              |
    | Inputs             | 3                                              |
    | Outputs            | 2                                              |
    | Clock              | clock (rising_edge)                            |
    | Reset              | reset (positive)                               |
    | Reset type         | synchronous                                    |
    | Reset State        | 00                                             |
    | Encoding           | automatic                                      |
    | Implementation     | LUT                                            |
    -----------------------------------------------------------------------
WARNING:Xst:2110 - Clock of register <vga_out_pixel_clock> seems to be also used in the data or control logic of that element.
    Found 1-bit register for signal <vga_out_vsync>.
    Found 1-bit register for signal <vga_out_sync_b>.
    Found 1-bit register for signal <vga_out_pixel_clock>.
    Found 1-bit register for signal <vga_out_hsync>.
    Found 1-bit register for signal <vga_out_blank_b>.
    Found 36-bit 4-to-1 multiplexer for signal <$varindex0005> created at line 110.
    Found 3-bit up accumulator for signal <cindex>.
    Found 1-bit register for signal <out_of_bounds>.
    Found 10-bit comparator greatequal for signal <out_of_bounds$cmp_ge0000> created at line 74.
    Found 10-bit comparator greatequal for signal <out_of_bounds$cmp_ge0001> created at line 74.
    Found 144-bit register for signal <pixels>.
    Found 4-bit comparator greater for signal <state$cmp_gt0000> created at line 68.
    Found 4-bit subtractor for signal <vga_flag$sub0000> created at line 68.
    Found 3-bit up counter for signal <vindex>.
    Found 1-bit register for signal <vstate>.
    Summary:
	inferred   1 Finite State Machine(s).
	inferred   5 RAM(s).
	inferred   1 Counter(s).
	inferred   1 Accumulator(s).
	inferred 151 D-type flip-flop(s).
	inferred   1 Adder/Subtractor(s).
	inferred   3 Comparator(s).
	inferred  36 Multiplexer(s).
Unit <vga_write> synthesized.


Synthesizing Unit <adv7185init>.
    Related source file is "ntsc_capture.v".
    Found finite state machine <FSM_2> for signal <state>.
    -----------------------------------------------------------------------
    | States             | 37                                             |
    | Transitions        | 72                                             |
    | Inputs             | 3                                              |
    | Outputs            | 36                                             |
    | Clock              | clock_slow (rising_edge)                       |
    | Reset              | reset_slow (positive)                          |
    | Reset type         | synchronous                                    |
    | Reset State        | 00000000                                       |
    | Encoding           | automatic                                      |
    | Implementation     | LUT                                            |
    -----------------------------------------------------------------------
    Found 1-bit register for signal <tv_in_reset_b>.
    Found 8-bit up counter for signal <clk_div_count>.
    Found 1-bit register for signal <clock_slow>.
    Found 8-bit register for signal <data>.
    Found 1-bit register for signal <load>.
    Found 1-bit register for signal <old_source>.
    Found 8-bit down counter for signal <reset_count>.
    Summary:
	inferred   1 Finite State Machine(s).
	inferred   2 Counter(s).
	inferred  12 D-type flip-flop(s).
Unit <adv7185init> synthesized.


Synthesizing Unit <ntsc_capture>.
    Related source file is "ntsc_capture.v".
WARNING:Xst:647 - Input <clk> is never used. This port will be preserved and left unconnected if it belongs to a top-level block or it belongs to a sub-block and the hierarchy of this sub-block is preserved.
WARNING:Xst:647 - Input <tv_in_ycrcb<9:0>> is never used. This port will be preserved and left unconnected if it belongs to a top-level block or it belongs to a sub-block and the hierarchy of this sub-block is preserved.
WARNING:Xst:646 - Signal <ycrcb<21:20>> is assigned but never used. This unconnected signal will be trimmed during the optimization process.
WARNING:Xst:646 - Signal <ycrcb<14:10>> is assigned but never used. This unconnected signal will be trimmed during the optimization process.
WARNING:Xst:646 - Signal <ycrcb<4:0>> is assigned but never used. This unconnected signal will be trimmed during the optimization process.
    Found 1-bit register for signal <ntsc_flag>.
    Found 1-bit register for signal <interesting_flag>.
    Found 36-bit register for signal <ntsc_pixels>.
    Found 2-bit register for signal <color>.
    Found 10-bit register for signal <x>.
    Found 9-bit register for signal <y>.
    Found 10-bit register for signal <interesting_x>.
    Found 9-bit register for signal <interesting_y>.
    Found 1-bit register for signal <frame_flag>.
    Found 10-bit comparator greatequal for signal <color$cmp_ge0000> created at line 154.
    Found 10-bit comparator greatequal for signal <color$cmp_ge0001> created at line 154.
    Found 10-bit comparator lessequal for signal <color$cmp_le0000> created at line 145.
    Found 10-bit comparator lessequal for signal <color$cmp_le0001> created at line 136.
    Found 9-bit comparator greater for signal <frame_flag$cmp_gt0000> created at line 88.
    Found 10-bit comparator greater for signal <interesting_flag$cmp_gt0000> created at line 127.
    Found 10-bit comparator greater for signal <interesting_flag$cmp_gt0001> created at line 127.
    Found 10-bit comparator less for signal <interesting_flag$cmp_lt0000> created at line 136.
    Found 10-bit comparator less for signal <interesting_flag$cmp_lt0001> created at line 145.
    Found 1-bit register for signal <pulseonce>.
    Found 1-bit register for signal <rh>.
    Found 1-bit register for signal <rv>.
    Found 1-bit register for signal <state>.
    Found 10-bit adder for signal <x$addsub0000> created at line 118.
    Found 9-bit comparator greatequal for signal <x$cmp_ge0000> created at line 99.
    Found 10-bit comparator greatequal for signal <x$cmp_ge0001> created at line 99.
    Found 9-bit comparator less for signal <x$cmp_lt0000> created at line 99.
    Found 10-bit comparator less for signal <x$cmp_lt0001> created at line 99.
    Found 9-bit adder for signal <y$addsub0000> created at line 79.
    Summary:
	inferred  83 D-type flip-flop(s).
	inferred   2 Adder/Subtractor(s).
	inferred  13 Comparator(s).
Unit <ntsc_capture> synthesized.


Synthesizing Unit <labkit>.
    Related source file is "labkit.v".
WARNING:Xst:2565 - Inout <user3<28>> is never assigned.
WARNING:Xst:2565 - Inout <user3<4>> is never assigned.
WARNING:Xst:2565 - Inout <user3<29>> is never assigned.
WARNING:Xst:2565 - Inout <user3<5>> is never assigned.
WARNING:Xst:647 - Input <button0> is never used. This port will be preserved and left unconnected if it belongs to a top-level block or it belongs to a sub-block and the hierarchy of this sub-block is preserved.
WARNING:Xst:647 - Input <button1> is never used. This port will be preserved and left unconnected if it belongs to a top-level block or it belongs to a sub-block and the hierarchy of this sub-block is preserved.
WARNING:Xst:647 - Input <button2> is never used. This port will be preserved and left unconnected if it belongs to a top-level block or it belongs to a sub-block and the hierarchy of this sub-block is preserved.
WARNING:Xst:647 - Input <button3> is never used. This port will be preserved and left unconnected if it belongs to a top-level block or it belongs to a sub-block and the hierarchy of this sub-block is preserved.
WARNING:Xst:2565 - Inout <user3<6>> is never assigned.
WARNING:Xst:2565 - Inout <user3<7>> is never assigned.
WARNING:Xst:2565 - Inout <user3<8>> is never assigned.
WARNING:Xst:2565 - Inout <user3<9>> is never assigned.
WARNING:Xst:2565 - Inout <daughtercard<10>> is never assigned.
WARNING:Xst:2565 - Inout <flash_data<10>> is never assigned.
WARNING:Xst:2565 - Inout <daughtercard<11>> is never assigned.
WARNING:Xst:2565 - Inout <flash_data<11>> is never assigned.
WARNING:Xst:647 - Input <clock1> is never used. This port will be preserved and left unconnected if it belongs to a top-level block or it belongs to a sub-block and the hierarchy of this sub-block is preserved.
WARNING:Xst:647 - Input <clock2> is never used. This port will be preserved and left unconnected if it belongs to a top-level block or it belongs to a sub-block and the hierarchy of this sub-block is preserved.
WARNING:Xst:2565 - Inout <daughtercard<12>> is never assigned.
WARNING:Xst:2565 - Inout <flash_data<12>> is never assigned.
WARNING:Xst:2565 - Inout <daughtercard<13>> is never assigned.
WARNING:Xst:2565 - Inout <flash_data<13>> is never assigned.
WARNING:Xst:647 - Input <tv_in_aef> is never used. This port will be preserved and left unconnected if it belongs to a top-level block or it belongs to a sub-block and the hierarchy of this sub-block is preserved.
WARNING:Xst:2565 - Inout <daughtercard<14>> is never assigned.
WARNING:Xst:2565 - Inout <flash_data<14>> is never assigned.
WARNING:Xst:647 - Input <tv_in_aff> is never used. This port will be preserved and left unconnected if it belongs to a top-level block or it belongs to a sub-block and the hierarchy of this sub-block is preserved.
WARNING:Xst:2565 - Inout <daughtercard<15>> is never assigned.
WARNING:Xst:2565 - Inout <daughtercard<20>> is never assigned.
WARNING:Xst:2565 - Inout <flash_data<15>> is never assigned.
WARNING:Xst:2565 - Inout <daughtercard<21>> is never assigned.
WARNING:Xst:2565 - Inout <daughtercard<16>> is never assigned.
WARNING:Xst:2565 - Inout <daughtercard<22>> is never assigned.
WARNING:Xst:2565 - Inout <daughtercard<17>> is never assigned.
WARNING:Xst:647 - Input <systemace_irq> is never used. This port will be preserved and left unconnected if it belongs to a top-level block or it belongs to a sub-block and the hierarchy of this sub-block is preserved.
WARNING:Xst:2565 - Inout <daughtercard<18>> is never assigned.
WARNING:Xst:2565 - Inout <daughtercard<23>> is never assigned.
WARNING:Xst:2565 - Inout <flash_data<0>> is never assigned.
WARNING:Xst:2565 - Inout <daughtercard<19>> is never assigned.
WARNING:Xst:2565 - Inout <daughtercard<24>> is never assigned.
WARNING:Xst:2565 - Inout <flash_data<1>> is never assigned.
WARNING:Xst:647 - Input <disp_data_in> is never used. This port will be preserved and left unconnected if it belongs to a top-level block or it belongs to a sub-block and the hierarchy of this sub-block is preserved.
WARNING:Xst:2565 - Inout <user2<10>> is never assigned.
WARNING:Xst:2565 - Inout <daughtercard<25>> is never assigned.
WARNING:Xst:2565 - Inout <daughtercard<30>> is never assigned.
WARNING:Xst:2565 - Inout <flash_data<2>> is never assigned.
WARNING:Xst:2565 - Inout <user2<11>> is never assigned.
WARNING:Xst:2565 - Inout <daughtercard<31>> is never assigned.
WARNING:Xst:2565 - Inout <daughtercard<26>> is never assigned.
WARNING:Xst:2565 - Inout <flash_data<3>> is never assigned.
WARNING:Xst:2565 - Inout <user2<12>> is never assigned.
WARNING:Xst:2565 - Inout <daughtercard<32>> is never assigned.
WARNING:Xst:2565 - Inout <daughtercard<27>> is never assigned.
WARNING:Xst:2565 - Inout <flash_data<4>> is never assigned.
WARNING:Xst:2565 - Inout <user2<13>> is never assigned.
WARNING:Xst:2565 - Inout <daughtercard<33>> is never assigned.
WARNING:Xst:2565 - Inout <daughtercard<28>> is never assigned.
WARNING:Xst:2565 - Inout <flash_data<5>> is never assigned.
WARNING:Xst:2565 - Inout <user4<0>> is never assigned.
WARNING:Xst:2565 - Inout <user2<14>> is never assigned.
WARNING:Xst:2565 - Inout <daughtercard<34>> is never assigned.
WARNING:Xst:2565 - Inout <daughtercard<29>> is never assigned.
WARNING:Xst:2565 - Inout <flash_data<6>> is never assigned.
WARNING:Xst:2565 - Inout <user4<1>> is never assigned.
WARNING:Xst:2565 - Inout <user2<15>> is never assigned.
WARNING:Xst:2565 - Inout <user2<20>> is never assigned.
WARNING:Xst:2565 - Inout <daughtercard<40>> is never assigned.
WARNING:Xst:2565 - Inout <daughtercard<35>> is never assigned.
WARNING:Xst:2565 - Inout <flash_data<7>> is never assigned.
WARNING:Xst:2565 - Inout <user4<2>> is never assigned.
WARNING:Xst:2565 - Inout <user2<16>> is never assigned.
WARNING:Xst:2565 - Inout <user2<21>> is never assigned.
WARNING:Xst:2565 - Inout <daughtercard<41>> is never assigned.
WARNING:Xst:2565 - Inout <daughtercard<36>> is never assigned.
WARNING:Xst:2565 - Inout <flash_data<8>> is never assigned.
WARNING:Xst:2565 - Inout <user1<0>> is never assigned.
WARNING:Xst:2565 - Inout <user4<3>> is never assigned.
WARNING:Xst:2565 - Inout <user2<22>> is never assigned.
WARNING:Xst:2565 - Inout <user2<17>> is never assigned.
WARNING:Xst:647 - Input <button_enter> is never used. This port will be preserved and left unconnected if it belongs to a top-level block or it belongs to a sub-block and the hierarchy of this sub-block is preserved.
WARNING:Xst:2565 - Inout <daughtercard<37>> is never assigned.
WARNING:Xst:2565 - Inout <daughtercard<42>> is never assigned.
WARNING:Xst:2565 - Inout <flash_data<9>> is never assigned.
WARNING:Xst:2565 - Inout <user1<1>> is never assigned.
WARNING:Xst:2565 - Inout <user4<4>> is never assigned.
WARNING:Xst:2565 - Inout <user2<23>> is never assigned.
WARNING:Xst:2565 - Inout <user2<18>> is never assigned.
WARNING:Xst:647 - Input <keyboard_clock> is never used. This port will be preserved and left unconnected if it belongs to a top-level block or it belongs to a sub-block and the hierarchy of this sub-block is preserved.
WARNING:Xst:2565 - Inout <daughtercard<38>> is never assigned.
WARNING:Xst:2565 - Inout <daughtercard<43>> is never assigned.
WARNING:Xst:2565 - Inout <user1<2>> is never assigned.
WARNING:Xst:2565 - Inout <user4<5>> is never assigned.
WARNING:Xst:2565 - Inout <user2<24>> is never assigned.
WARNING:Xst:2565 - Inout <user2<19>> is never assigned.
WARNING:Xst:2565 - Inout <daughtercard<39>> is never assigned.
WARNING:Xst:2565 - Inout <user1<3>> is never assigned.
WARNING:Xst:2565 - Inout <user4<6>> is never assigned.
WARNING:Xst:2565 - Inout <user2<30>> is never assigned.
WARNING:Xst:2565 - Inout <user2<25>> is never assigned.
WARNING:Xst:2565 - Inout <user1<4>> is never assigned.
WARNING:Xst:2565 - Inout <user4<7>> is never assigned.
WARNING:Xst:2565 - Inout <user2<31>> is never assigned.
WARNING:Xst:2565 - Inout <user2<26>> is never assigned.
WARNING:Xst:2565 - Inout <user1<5>> is never assigned.
WARNING:Xst:647 - Input <flash_sts> is never used. This port will be preserved and left unconnected if it belongs to a top-level block or it belongs to a sub-block and the hierarchy of this sub-block is preserved.
WARNING:Xst:2565 - Inout <user4<8>> is never assigned.
WARNING:Xst:2565 - Inout <user2<27>> is never assigned.
WARNING:Xst:647 - Input <rs232_rxd> is never used. This port will be preserved and left unconnected if it belongs to a top-level block or it belongs to a sub-block and the hierarchy of this sub-block is preserved.
WARNING:Xst:2565 - Inout <user1<6>> is never assigned.
WARNING:Xst:2565 - Inout <user4<9>> is never assigned.
WARNING:Xst:2565 - Inout <user2<28>> is never assigned.
WARNING:Xst:647 - Input <mouse_data> is never used. This port will be preserved and left unconnected if it belongs to a top-level block or it belongs to a sub-block and the hierarchy of this sub-block is preserved.
WARNING:Xst:2565 - Inout <user1<7>> is never assigned.
WARNING:Xst:647 - Input <rs232_cts> is never used. This port will be preserved and left unconnected if it belongs to a top-level block or it belongs to a sub-block and the hierarchy of this sub-block is preserved.
WARNING:Xst:2565 - Inout <user2<29>> is never assigned.
WARNING:Xst:2565 - Inout <user1<8>> is never assigned.
WARNING:Xst:2565 - Inout <user1<9>> is never assigned.
WARNING:Xst:2565 - Inout <daughtercard<0>> is never assigned.
WARNING:Xst:2565 - Inout <user4<10>> is never assigned.
WARNING:Xst:2565 - Inout <daughtercard<1>> is never assigned.
WARNING:Xst:647 - Input <switch> is never used. This port will be preserved and left unconnected if it belongs to a top-level block or it belongs to a sub-block and the hierarchy of this sub-block is preserved.
WARNING:Xst:2565 - Inout <user4<11>> is never assigned.
WARNING:Xst:2565 - Inout <daughtercard<2>> is never assigned.
WARNING:Xst:2565 - Inout <user4<12>> is never assigned.
WARNING:Xst:2565 - Inout <daughtercard<3>> is never assigned.
WARNING:Xst:2565 - Inout <user4<13>> is never assigned.
WARNING:Xst:2565 - Inout <daughtercard<4>> is never assigned.
WARNING:Xst:2565 - Inout <user4<14>> is never assigned.
WARNING:Xst:2565 - Inout <daughtercard<5>> is never assigned.
WARNING:Xst:2565 - Inout <user4<20>> is never assigned.
WARNING:Xst:2565 - Inout <user4<15>> is never assigned.
WARNING:Xst:2565 - Inout <daughtercard<6>> is never assigned.
WARNING:Xst:2565 - Inout <user4<16>> is never assigned.
WARNING:Xst:2565 - Inout <user4<21>> is never assigned.
WARNING:Xst:2565 - Inout <daughtercard<7>> is never assigned.
WARNING:Xst:2565 - Inout <user4<22>> is never assigned.
WARNING:Xst:2565 - Inout <user4<17>> is never assigned.
WARNING:Xst:2565 - Inout <daughtercard<8>> is never assigned.
WARNING:Xst:2565 - Inout <user4<23>> is never assigned.
WARNING:Xst:2565 - Inout <user4<18>> is never assigned.
WARNING:Xst:647 - Input <button_left> is never used. This port will be preserved and left unconnected if it belongs to a top-level block or it belongs to a sub-block and the hierarchy of this sub-block is preserved.
WARNING:Xst:2565 - Inout <daughtercard<9>> is never assigned.
WARNING:Xst:2565 - Inout <user4<19>> is never assigned.
WARNING:Xst:2565 - Inout <user4<24>> is never assigned.
WARNING:Xst:2565 - Inout <systemace_data<0>> is never assigned.
WARNING:Xst:2565 - Inout <user4<30>> is never assigned.
WARNING:Xst:2565 - Inout <user4<25>> is never assigned.
WARNING:Xst:2565 - Inout <systemace_data<1>> is never assigned.
WARNING:Xst:2565 - Inout <user4<26>> is never assigned.
WARNING:Xst:2565 - Inout <user4<31>> is never assigned.
WARNING:Xst:2565 - Inout <systemace_data<2>> is never assigned.
WARNING:Xst:2565 - Inout <user4<27>> is never assigned.
WARNING:Xst:2565 - Inout <systemace_data<3>> is never assigned.
WARNING:Xst:647 - Input <tv_in_data_valid> is never used. This port will be preserved and left unconnected if it belongs to a top-level block or it belongs to a sub-block and the hierarchy of this sub-block is preserved.
WARNING:Xst:2565 - Inout <user4<28>> is never assigned.
WARNING:Xst:2565 - Inout <systemace_data<4>> is never assigned.
WARNING:Xst:647 - Input <tv_in_hff> is never used. This port will be preserved and left unconnected if it belongs to a top-level block or it belongs to a sub-block and the hierarchy of this sub-block is preserved.
WARNING:Xst:2565 - Inout <user1<10>> is never assigned.
WARNING:Xst:2565 - Inout <user4<29>> is never assigned.
WARNING:Xst:2565 - Inout <systemace_data<5>> is never assigned.
WARNING:Xst:2565 - Inout <user2<0>> is never assigned.
WARNING:Xst:2565 - Inout <user1<11>> is never assigned.
WARNING:Xst:2565 - Inout <systemace_data<6>> is never assigned.
WARNING:Xst:2565 - Inout <user2<1>> is never assigned.
WARNING:Xst:2565 - Inout <user1<12>> is never assigned.
WARNING:Xst:2565 - Inout <systemace_data<7>> is never assigned.
WARNING:Xst:2565 - Inout <user2<2>> is never assigned.
WARNING:Xst:2565 - Inout <user1<13>> is never assigned.
WARNING:Xst:2565 - Inout <systemace_data<8>> is never assigned.
WARNING:Xst:2565 - Inout <user2<3>> is never assigned.
WARNING:Xst:2565 - Inout <user1<14>> is never assigned.
WARNING:Xst:2565 - Inout <systemace_data<9>> is never assigned.
WARNING:Xst:2565 - Inout <user2<4>> is never assigned.
WARNING:Xst:2565 - Inout <user1<15>> is never assigned.
WARNING:Xst:2565 - Inout <user1<20>> is never assigned.
WARNING:Xst:647 - Input <tv_in_line_clock2> is never used. This port will be preserved and left unconnected if it belongs to a top-level block or it belongs to a sub-block and the hierarchy of this sub-block is preserved.
WARNING:Xst:2565 - Inout <user2<5>> is never assigned.
WARNING:Xst:2565 - Inout <user1<21>> is never assigned.
WARNING:Xst:2565 - Inout <user1<16>> is never assigned.
WARNING:Xst:647 - Input <keyboard_data> is never used. This port will be preserved and left unconnected if it belongs to a top-level block or it belongs to a sub-block and the hierarchy of this sub-block is preserved.
WARNING:Xst:2565 - Inout <user2<6>> is never assigned.
WARNING:Xst:2565 - Inout <user1<17>> is never assigned.
WARNING:Xst:2565 - Inout <user1<22>> is never assigned.
WARNING:Xst:2565 - Inout <user2<7>> is never assigned.
WARNING:Xst:2565 - Inout <user1<18>> is never assigned.
WARNING:Xst:2565 - Inout <user1<23>> is never assigned.
WARNING:Xst:2565 - Inout <systemace_data<10>> is never assigned.
WARNING:Xst:2565 - Inout <user2<8>> is never assigned.
WARNING:Xst:2565 - Inout <user1<24>> is never assigned.
WARNING:Xst:2565 - Inout <user1<19>> is never assigned.
WARNING:Xst:647 - Input <ac97_sdata_in> is never used. This port will be preserved and left unconnected if it belongs to a top-level block or it belongs to a sub-block and the hierarchy of this sub-block is preserved.
WARNING:Xst:2565 - Inout <systemace_data<11>> is never assigned.
WARNING:Xst:2565 - Inout <user2<9>> is never assigned.
WARNING:Xst:2565 - Inout <user1<25>> is never assigned.
WARNING:Xst:2565 - Inout <user1<30>> is never assigned.
WARNING:Xst:2565 - Inout <systemace_data<12>> is never assigned.
WARNING:Xst:2565 - Inout <user1<26>> is never assigned.
WARNING:Xst:2565 - Inout <user1<31>> is never assigned.
WARNING:Xst:2565 - Inout <systemace_data<13>> is never assigned.
WARNING:Xst:2565 - Inout <user1<27>> is never assigned.
WARNING:Xst:2565 - Inout <systemace_data<14>> is never assigned.
WARNING:Xst:2565 - Inout <user1<28>> is never assigned.
WARNING:Xst:2565 - Inout <systemace_data<15>> is never assigned.
WARNING:Xst:2565 - Inout <user1<29>> is never assigned.
WARNING:Xst:647 - Input <systemace_mpbrdy> is never used. This port will be preserved and left unconnected if it belongs to a top-level block or it belongs to a sub-block and the hierarchy of this sub-block is preserved.
WARNING:Xst:647 - Input <button_right> is never used. This port will be preserved and left unconnected if it belongs to a top-level block or it belongs to a sub-block and the hierarchy of this sub-block is preserved.
WARNING:Xst:647 - Input <button_down> is never used. This port will be preserved and left unconnected if it belongs to a top-level block or it belongs to a sub-block and the hierarchy of this sub-block is preserved.
WARNING:Xst:2565 - Inout <user3<10>> is never assigned.
WARNING:Xst:647 - Input <mouse_clock> is never used. This port will be preserved and left unconnected if it belongs to a top-level block or it belongs to a sub-block and the hierarchy of this sub-block is preserved.
WARNING:Xst:2565 - Inout <user3<11>> is never assigned.
WARNING:Xst:2565 - Inout <user3<12>> is never assigned.
WARNING:Xst:2565 - Inout <user3<13>> is never assigned.
WARNING:Xst:647 - Input <ac97_bit_clock> is never used. This port will be preserved and left unconnected if it belongs to a top-level block or it belongs to a sub-block and the hierarchy of this sub-block is preserved.
WARNING:Xst:2565 - Inout <user3<14>> is never assigned.
WARNING:Xst:2565 - Inout <user3<20>> is never assigned.
WARNING:Xst:2565 - Inout <user3<15>> is never assigned.
WARNING:Xst:2565 - Inout <user3<21>> is never assigned.
WARNING:Xst:2565 - Inout <user3<16>> is never assigned.
WARNING:Xst:2565 - Inout <user3<22>> is never assigned.
WARNING:Xst:2565 - Inout <user3<17>> is never assigned.
WARNING:Xst:2565 - Inout <user3<23>> is never assigned.
WARNING:Xst:2565 - Inout <user3<18>> is never assigned.
WARNING:Xst:2565 - Inout <user3<24>> is never assigned.
WARNING:Xst:2565 - Inout <user3<19>> is never assigned.
WARNING:Xst:2565 - Inout <user3<0>> is never assigned.
WARNING:Xst:647 - Input <button_up> is never used. This port will be preserved and left unconnected if it belongs to a top-level block or it belongs to a sub-block and the hierarchy of this sub-block is preserved.
WARNING:Xst:2565 - Inout <user3<30>> is never assigned.
WARNING:Xst:2565 - Inout <user3<25>> is never assigned.
WARNING:Xst:2565 - Inout <user3<1>> is never assigned.
WARNING:Xst:2565 - Inout <user3<31>> is never assigned.
WARNING:Xst:2565 - Inout <user3<26>> is never assigned.
WARNING:Xst:2565 - Inout <user3<2>> is never assigned.
WARNING:Xst:2565 - Inout <user3<27>> is never assigned.
WARNING:Xst:2565 - Inout <user3<3>> is never assigned.
WARNING:Xst:646 - Signal <weirdclock> is assigned but never used. This unconnected signal will be trimmed during the optimization process.
WARNING:Xst:1780 - Signal <pt_flag> is never used or assigned. This unconnected signal will be trimmed during the optimization process.
WARNING:Xst:646 - Signal <ny> is assigned but never used. This unconnected signal will be trimmed during the optimization process.
WARNING:Xst:1780 - Signal <lpf_flag> is never used or assigned. This unconnected signal will be trimmed during the optimization process.
WARNING:Xst:646 - Signal <locked> is assigned but never used. This unconnected signal will be trimmed during the optimization process.
WARNING:Xst:1780 - Signal <done_pt> is never used or assigned. This unconnected signal will be trimmed during the optimization process.
WARNING:Xst:1780 - Signal <done_lpf> is never used or assigned. This unconnected signal will be trimmed during the optimization process.
WARNING:Xst:646 - Signal <debug_locs> is assigned but never used. This unconnected signal will be trimmed during the optimization process.
WARNING:Xst:646 - Signal <debug_blocks> is assigned but never used. This unconnected signal will be trimmed during the optimization process.
Unit <labkit> synthesized.


=========================================================================
HDL Synthesis Report

Macro Statistics
# RAMs                                                 : 5
 8x1-bit single-port RAM                               : 3
 8x10-bit dual-port RAM                                : 2
# Multipliers                                          : 8
 2x18-bit multiplier                                   : 3
 9x12-bit multiplier                                   : 1
 9x13-bit multiplier                                   : 1
 9x14-bit multiplier                                   : 2
 9x15-bit multiplier                                   : 1
# Adders/Subtractors                                   : 14
 10-bit adder                                          : 1
 18-bit adder carry out                                : 1
 19-bit adder                                          : 3
 22-bit adder                                          : 2
 22-bit subtractor                                     : 2
 4-bit subtractor                                      : 1
 9-bit adder                                           : 1
 9-bit subtractor                                      : 3
# Counters                                             : 5
 10-bit up counter                                     : 2
 3-bit up counter                                      : 1
 8-bit down counter                                    : 1
 8-bit up counter                                      : 1
# Accumulators                                         : 1
 3-bit up accumulator                                  : 1
# Registers                                            : 96
 1-bit register                                        : 71
 10-bit register                                       : 5
 19-bit register                                       : 2
 2-bit register                                        : 5
 36-bit register                                       : 6
 5-bit register                                        : 1
 8-bit register                                        : 4
 9-bit register                                        : 2
# Latches                                              : 4
 1-bit latch                                           : 2
 36-bit latch                                          : 2
# Comparators                                          : 22
 10-bit comparator greatequal                          : 5
 10-bit comparator greater                             : 2
 10-bit comparator less                                : 3
 10-bit comparator lessequal                           : 2
 23-bit comparator less                                : 3
 4-bit comparator greater                              : 1
 9-bit comparator greatequal                           : 1
 9-bit comparator greater                              : 4
 9-bit comparator less                                 : 1
# Multiplexers                                         : 3
 36-bit 4-to-1 multiplexer                             : 3
# Tristates                                            : 1
 1-bit tristate buffer                                 : 1

=========================================================================

=========================================================================
*                       Advanced HDL Synthesis                          *
=========================================================================

Analyzing FSM <FSM_2> for best encoding.
Optimizing FSM <ntsc/adv7185/state/FSM> on signal <state[1:37]> with one-hot encoding.
---------------------------------------------------
 State    | Encoding
---------------------------------------------------
 00000000 | 0000000000000000000000000000000000001
 00000001 | 0000000000000000000000000000000000010
 00000010 | 0000000000000000000000000000000000100
 00000011 | 0000000000000000000000000000000001000
 00000100 | 0000000000000000000000000000000010000
 00000101 | 0000000000000000000000000000000100000
 00000110 | 0000000000000000000000000000001000000
 00000111 | 0000000000000000000000000000010000000
 00001000 | 0000000000000000000000000000100000000
 00001001 | 0000000000000000000000000001000000000
 00001010 | 0000000000000000000000000010000000000
 00001011 | 0000000000000000000000000100000000000
 00001100 | 0000000000000000000000001000000000000
 00001101 | 0000000000000000000000010000000000000
 00001110 | 0000000000000000000000100000000000000
 00001111 | 0000000000000000000001000000000000000
 00010000 | 0000000000000000000010000000000000000
 00010001 | 0000000000000000000100000000000000000
 00010010 | 0000000000000000001000000000000000000
 00010011 | 0000000000000000010000000000000000000
 00010100 | 0000000000000000100000000000000000000
 00010101 | 0000000000000001000000000000000000000
 00010110 | 0000000000000010000000000000000000000
 00010111 | 0000000000000100000000000000000000000
 00011000 | 0000000000001000000000000000000000000
 00011001 | 0000000000010000000000000000000000000
 00011010 | 0000000000100000000000000000000000000
 00011011 | 0000000001000000000000000000000000000
 00011100 | 0000000010000000000000000000000000000
 00011101 | 0000000100000000000000000000000000000
 00011110 | 0000001000000000000000000000000000000
 00011111 | 0000010000000000000000000000000000000
 00100000 | 0000100000000000000000000000000000000
 00100001 | 0001000000000000000000000000000000000
 00100010 | 0010000000000000000000000000000000000
 00100011 | 0100000000000000000000000000000000000
 00100100 | 1000000000000000000000000000000000000
---------------------------------------------------
Analyzing FSM <FSM_1> for best encoding.
Optimizing FSM <vga/state/FSM> on signal <state[1:2]> with gray encoding.
-------------------
 State | Encoding
-------------------
 00    | 00
 01    | 01
 10    | 10
 11    | 11
-------------------
Analyzing FSM <FSM_0> for best encoding.
Optimizing FSM <ntsc/adv7185/i2c/state/FSM> on signal <state[1:42]> with speed1 encoding.
--------------------------------------------------------
 State    | Encoding
--------------------------------------------------------
 00000000 | 100000000000000000000000000000000000000000
 00000001 | 010000000000000000000000000000000000000000
 00000010 | 001000000000000000000000000000000000000000
 00000011 | 000100000000000000000000000000000000000000
 00000100 | 000010000000000000000000000000000000000000
 00000101 | 000001000000000000000000000000000000000000
 00000110 | 000000100000000000000000000000000000000000
 00000111 | 000000010000000000000000000000000000000000
 00001000 | 000000001000000000000000000000000000000000
 00001001 | 000000000100000000000000000000000000000000
 00001010 | 000000000010000000000000000000000000000000
 00001011 | 000000000001000000000000000000000000000000
 00001100 | 000000000000100000000000000000000000000000
 00001101 | 000000000000010000000000000000000000000000
 00001110 | 000000000000001000000000000000000000000000
 00001111 | 000000000000000100000000000000000000000000
 00010000 | 000000000000000001000000000000000000000000
 00010001 | 000000000000000000010000000000000000000000
 00010010 | 000000000000000000000100000000000000000000
 00010011 | 000000000000000000000001000000000000000000
 00010100 | 000000000000000010000000000000000000000000
 00010101 | 000000000000000000100000000000000000000000
 00010110 | 000000000000000000001000000000000000000000
 00010111 | 000000000000000000000010000000000000000000
 00011000 | 000000000000000000000000100000000000000000
 00011001 | 000000000000000000000000010000000000000000
 00011010 | 000000000000000000000000000100000000000000
 00011011 | 000000000000000000000000000001000000000000
 00011100 | 000000000000000000000000000000010000000000
 00011101 | 000000000000000000000000000000000100000000
 00011110 | 000000000000000000000000001000000000000000
 00011111 | 000000000000000000000000000010000000000000
 00100000 | 000000000000000000000000000000100000000000
 00100001 | 000000000000000000000000000000001000000000
 00100010 | 000000000000000000000000000000000010000000
 00100011 | 000000000000000000000000000000000001000000
 00100100 | 000000000000000000000000000000000000001000
 00100101 | 000000000000000000000000000000000000000100
 00100110 | 000000000000000000000000000000000000000010
 00100111 | 000000000000000000000000000000000000000001
 00101000 | 000000000000000000000000000000000000100000
 00101001 | 000000000000000000000000000000000000010000
--------------------------------------------------------
Loading device for application Rf_Device from file '2v6000.nph' in environment /afs/csail.mit.edu/proj/redsocs/Xilinx10.1/ISE.
